=== C=8 (MTP forced on at n=8) ===
C=8: wall=58.3s total_tok=1536 agg=26.4 tok/s
=== C=16 (MTP forced on at n=16) ===
C=16: wall=120.1s total_tok=3072 agg=25.6 tok/s
--- K4 positional / summary ---
[2m2026-07-27T21:51:22.972289Z[0m [32m INFO[0m [2mspark::scheduler::verify_k4_step[0m[2m:[0m K4 positional: steps=100 p1=0.780 p2_uncond=0.600 p3_uncond=0.520 p2_cond=0.590 p3_cond=0.609 (d1=78 d2u=60 d3u=52 d2c=46 d3c=28) seq_len=112
[2m2026-07-27T21:51:23.766295Z[0m [32m INFO[0m [2mspark::scheduler::verify_k4_step[0m[2m:[0m K4 summary: 29 accept-3 / 19 accept-2 / 33 accept-1 / 19 reject in last 100 steps (mean accepted=1.58) seq_len=124
[2m2026-07-27T21:51:32.723940Z[0m [32m INFO[0m [2mspark::scheduler::verify_k4_step[0m[2m:[0m K4 positional: steps=100 p1=0.830 p2_uncond=0.610 p3_uncond=0.550 p2_cond=0.602 p3_cond=0.620 (d1=83 d2u=61 d3u=55 d2c=50 d3c=31) seq_len=160
[2m2026-07-27T21:51:33.516594Z[0m [32m INFO[0m [2mspark::scheduler::verify_k4_step[0m[2m:[0m K4 summary: 28 accept-3 / 20 accept-2 / 34 accept-1 / 18 reject in last 100 steps (mean accepted=1.58) seq_len=137
[2m2026-07-27T21:51:42.459896Z[0m [32m INFO[0m [2mspark::scheduler::verify_k4_step[0m[2m:[0m K4 positional: steps=100 p1=0.840 p2_uncond=0.620 p3_uncond=0.560 p2_cond=0.655 p3_cond=0.600 (d1=84 d2u=62 d3u=56 d2c=55 d3c=33) seq_len=161
[2m2026-07-27T21:51:43.261975Z[0m [32m INFO[0m [2mspark::scheduler::verify_k4_step[0m[2m:[0m K4 summary: 32 accept-3 / 21 accept-2 / 30 accept-1 / 17 reject in last 100 steps (mean accepted=1.68) seq_len=142
[2m2026-07-27T21:51:52.217285Z[0m [32m INFO[0m [2mspark::scheduler::verify_k4_step[0m[2m:[0m K4 positional: steps=100 p1=0.790 p2_uncond=0.600 p3_uncond=0.540 p2_cond=0.595 p3_cond=0.638 (d1=79 d2u=60 d3u=54 d2c=47 d3c=30) seq_len=170
[2m2026-07-27T21:51:53.017682Z[0m [32m INFO[0m [2mspark::scheduler::verify_k4_step[0m[2m:[0m K4 summary: 32 accept-3 / 18 accept-2 / 27 accept-1 / 23 reject in last 100 steps (mean accepted=1.59) seq_len=196
[2m2026-07-27T21:52:01.977129Z[0m [32m INFO[0m [2mspark::scheduler::verify_k4_step[0m[2m:[0m K4 positional: steps=100 p1=0.720 p2_uncond=0.550 p3_uncond=0.440 p2_cond=0.611 p3_cond=0.545 (d1=72 d2u=55 d3u=44 d2c=44 d3c=24) seq_len=173
[2m2026-07-27T21:52:02.775022Z[0m [32m INFO[0m [2mspark::scheduler::verify_k4_step[0m[2m:[0m K4 summary: 24 accept-3 / 19 accept-2 / 30 accept-1 / 27 reject in last 100 steps (mean accepted=1.40) seq_len=192
[2m2026-07-27T21:52:11.754438Z[0m [32m INFO[0m [2mspark::scheduler::verify_k4_step[0m[2m:[0m K4 positional: steps=100 p1=0.850 p2_uncond=0.680 p3_uncond=0.520 p2_cond=0.718 p3_cond=0.590 (d1=85 d2u=68 d3u=52 d2c=61 d3c=36) seq_len=198
[2m2026-07-27T21:52:13.024187Z[0m [32m INFO[0m [2mspark::scheduler::verify_k4_step[0m[2m:[0m K4 summary: 36 accept-3 / 25 accept-2 / 25 accept-1 / 14 reject in last 100 steps (mean accepted=1.83) seq_len=197
--- MTP phase timing ---
[2m2026-07-27T21:49:21.287319Z[0m [32m INFO[0m [2mspark_model::layers::mtp_head::prefill[0m[2m:[0m MTP drafter prefill: 25 positions (26 prompt tokens) in 3.2 ms
[2m2026-07-27T21:49:21.379841Z[0m [32m INFO[0m [2mspark_model::layers::mtp_head::prefill[0m[2m:[0m MTP drafter prefill: 25 positions (26 prompt tokens) in 3.2 ms
[2m2026-07-27T21:50:18.321085Z[0m [32m INFO[0m [2mspark_model::layers::mtp_head::prefill[0m[2m:[0m MTP drafter prefill: 25 positions (26 prompt tokens) in 3.3 ms
[2m2026-07-27T21:50:20.436530Z[0m [32m INFO[0m [2mspark_model::layers::mtp_head::prefill[0m[2m:[0m MTP drafter prefill: 25 positions (26 prompt tokens) in 3.3 ms
[2m2026-07-27T21:50:20.619521Z[0m [32m INFO[0m [2mspark_model::layers::mtp_head::prefill[0m[2m:[0m MTP drafter prefill: 25 positions (26 prompt tokens) in 4.2 ms
[2m2026-07-27T21:50:20.797082Z[0m [32m INFO[0m [2mspark_model::layers::mtp_head::prefill[0m[2m:[0m MTP drafter prefill: 25 positions (26 prompt tokens) in 3.3 ms
[2m2026-07-27T21:50:20.887840Z[0m [32m INFO[0m [2mspark_model::layers::mtp_head::prefill[0m[2m:[0m MTP drafter prefill: 25 positions (26 prompt tokens) in 3.3 ms
[2m2026-07-27T21:50:20.979090Z[0m [32m INFO[0m [2mspark_model::layers::mtp_head::prefill[0m[2m:[0m MTP drafter prefill: 25 positions (26 prompt tokens) in 3.3 ms
[2m2026-07-27T21:50:21.070525Z[0m [32m INFO[0m [2mspark_model::layers::mtp_head::prefill[0m[2m:[0m MTP drafter prefill: 25 positions (26 prompt tokens) in 3.3 ms
[2m2026-07-27T21:50:21.337203Z[0m [32m INFO[0m [2mspark_model::layers::mtp_head::prefill[0m[2m:[0m MTP drafter prefill: 25 positions (26 prompt tokens) in 3.3 ms
[2m2026-07-27T21:50:21.428623Z[0m [32m INFO[0m [2mspark_model::layers::mtp_head::prefill[0m[2m:[0m MTP drafter prefill: 25 positions (26 prompt tokens) in 3.3 ms
[2m2026-07-27T21:50:21.708437Z[0m [32m INFO[0m [2mspark_model::layers::mtp_head::prefill[0m[2m:[0m MTP drafter prefill: 25 positions (26 prompt tokens) in 3.3 ms
MTP_GATES_DONE
