=== LEG atlasC_perseq: serve up, benching (env: <none>) ===
  128/1024 decode_          |    27.4    20.7    20.3    22.8    23.7
  256/256 balance           |    24.3    20.7    20.2    22.8    23.3
  1024/128 prefill          |    25.3    20.4    20.1    22.6    23.4
  1024/1024 balance         |    25.7     8.0     3.4     5.8     1.6

  TTFT P99 (ms)             |       1       2       4       8      16
  --------------------------+----------------------------------------
  128/1024 decode_          |     624     655    1251    2350    4383
  256/256 balance           |     749     586    1268    2372    4376
  1024/128 prefill          |    1737     676    1272    2236    4274
  1024/1024 balance         |     280    1977    3221    4157    5679

  TPOT P99 (ms)             |       1       2       4       8      16
  --------------------------+----------------------------------------
  128/1024 decode_          |    36.6    96.1   196.2   348.5   668.4
  256/256 balance           |    41.4    94.7   193.9   344.5   677.1
  1024/128 prefill          |    36.6    94.0   191.3   338.7   655.6
  1024/1024 balance         |    38.9    97.2    97.2   348.0   683.2

Results saved to /workspace/.wt-golden/conc_sweep/results/atlasC_perseq.json
STATE: LEG atlasC_perseq DONE -> results/atlasC_perseq.json
LEG_DONE atlasC_perseq
=== LEG atlasC_batched: serve up, benching (env: -e ATLAS_SSM_BATCHED_RECURRENT=1) ===
  128/1024 decode_          |    27.1    20.9    20.6    23.1    23.7
  256/256 balance           |    24.3    20.9    20.6    23.0    23.7
  1024/128 prefill          |    25.5    20.6    20.4    22.9    23.5
  1024/1024 balance         |    25.8     1.7     5.1     3.4     4.3

  TTFT P99 (ms)             |       1       2       4       8      16
  --------------------------+----------------------------------------
  128/1024 decode_          |     617     655    1603    2647    4366
  256/256 balance           |     742     581    1258    2258    4358
  1024/128 prefill          |    1689     668    1273    2232    4378
  1024/1024 balance         |     283    1954    2182    8945    5439

  TPOT P99 (ms)             |       1       2       4       8      16
  --------------------------+----------------------------------------
  128/1024 decode_          |    38.0    95.4   193.1   344.2   666.3
  256/256 balance           |    41.3    93.8   190.5   340.6   662.3
  1024/128 prefill          |    36.4    93.0   188.1   335.4   653.2
  1024/1024 balance         |    38.9    39.8   198.3    96.0   674.2

Results saved to /workspace/.wt-golden/conc_sweep/results/atlasC_batched.json
STATE: LEG atlasC_batched DONE -> results/atlasC_batched.json
LEG_DONE atlasC_batched
STATE: PHASEC_DONE
PHASEC_DONE
