=== LEG atlasD_kmarm: serve up, benching (env: <none>) ===

  Agg Throughput (tok/s)    |       1       2       4       8      16
  --------------------------+----------------------------------------
  128/1024 decode_          |    27.4    20.7    37.0    53.0    57.1
  256/256 balance           |    24.3    20.7    36.7    52.5     4.3
  1024/128 prefill          |    25.6     0.2     0.3     1.2     2.7

  TTFT P99 (ms)             |       1       2       4       8      16
  --------------------------+----------------------------------------
  128/1024 decode_          |     628     655    1136    1785    3006
  256/256 balance           |     743     580     912    1453    3198
  1024/128 prefill          |    1651    2041    4607    6364    7392

  TPOT P99 (ms)             |       1       2       4       8      16
  --------------------------+----------------------------------------
  128/1024 decode_          |    36.5    96.2   107.2   149.4   277.5
  256/256 balance           |    41.3    94.7   105.9   147.3   231.7
  1024/128 prefill          |    36.4    36.4    93.3   142.7   262.5

Results saved to /workspace/.wt-golden/conc_sweep/results/atlasD_kmarm.json
STATE: LEG atlasD_kmarm DONE -> results/atlasD_kmarm.json
LEG_DONE atlasD_kmarm
=== LEG atlasD_kmarm_graphs: serve up, benching (env: -e ATLAS_DECODE_GRAPHS_MULTISEQ=1) ===

  Agg Throughput (tok/s)    |       1       2       4       8      16
  --------------------------+----------------------------------------
  128/1024 decode_          |    27.4    21.3    38.6    55.4    59.9
  256/256 balance           |    24.3    21.3    33.8     2.6     5.5
  1024/128 prefill          |    25.5     0.6     0.2     0.2     0.2

  TTFT P99 (ms)             |       1       2       4       8      16
  --------------------------+----------------------------------------
  128/1024 decode_          |     625     644    1228    1759    3008
  256/256 balance           |     744     666    1081    1711    2910
  1024/128 prefill          |    1638    1839    1114    1671    2623

  TPOT P99 (ms)             |       1       2       4       8      16
  --------------------------+----------------------------------------
  128/1024 decode_          |    36.6    93.4   102.7   143.1   264.6
  256/256 balance           |    41.3    92.1   101.6   137.7   253.8
  1024/128 prefill          |    37.9    94.0   102.2   135.8   260.6

Results saved to /workspace/.wt-golden/conc_sweep/results/atlasD_kmarm_graphs.json
STATE: LEG atlasD_kmarm_graphs DONE -> results/atlasD_kmarm_graphs.json
LEG_DONE atlasD_kmarm_graphs
STATE: PHASED_DONE
PHASED_DONE
