102582 openat(AT_FDCWD, "/etc/ld.so.cache", O_RDONLY|O_CLOEXEC) = 3
102582 openat(AT_FDCWD, "/lib/aarch64-linux-gnu/libc.so.6", O_RDONLY|O_CLOEXEC) = 3
102582 openat(AT_FDCWD, "/lib/aarch64-linux-gnu/libpthread.so.0", O_RDONLY|O_CLOEXEC) = 3
102582 openat(AT_FDCWD, "/lib/aarch64-linux-gnu/libdl.so.2", O_RDONLY|O_CLOEXEC) = 3
102582 openat(AT_FDCWD, "/lib/aarch64-linux-gnu/libm.so.6", O_RDONLY|O_CLOEXEC) = 3
102582 openat(AT_FDCWD, "/proc/sys/vm/overcommit_memory", O_RDONLY) = 3
102582 openat(AT_FDCWD, "/sys/kernel/mm/transparent_hugepage/enabled", O_RDONLY) = 3
102582 openat(AT_FDCWD, "/proc/self/maps", O_RDONLY|O_CLOEXEC) = 3
102582 openat(AT_FDCWD, "/", O_RDONLY|O_CLOEXEC|O_DIRECTORY) = 3
102582 openat(AT_FDCWD, "/workspace/", O_RDONLY|O_CLOEXEC|O_DIRECTORY) = 4
102582 openat(4, "node_modules/.bin", O_RDONLY|O_CLOEXEC|O_PATH|O_DIRECTORY) = 5
102582 openat(4, "package.json", O_RDONLY) = 5
102582 openat(AT_FDCWD, "/workspace/atlas", O_RDONLY|O_CLOEXEC|O_DIRECTORY) = 5
102582 openat(5, "node_modules/playwright/package.json", O_RDONLY) = -1 ENOENT (No such file or directory)
102582 openat(AT_FDCWD, "/tmp/bunx-996-playwright@latest/package.json", O_RDONLY) = 6
102582 openat(AT_FDCWD, "/tmp/bunx-996-playwright@latest/node_modules/playwright/package.json", O_RDONLY) = -1 ENOENT (No such file or directory)
102582 openat(AT_FDCWD, "/tmp/bunx-996-playwright@latest", O_RDONLY|O_CLOEXEC|O_PATH|O_DIRECTORY) = 6
102582 openat(6, "package.json", O_WRONLY|O_CREAT|O_TRUNC|O_LARGEFILE|O_CLOEXEC, 0666) = 7
102583 openat(AT_FDCWD, "/etc/ld.so.cache", O_RDONLY|O_CLOEXEC) = 3
102583 openat(AT_FDCWD, "/lib/aarch64-linux-gnu/libc.so.6", O_RDONLY|O_CLOEXEC) = 3
102583 openat(AT_FDCWD, "/lib/aarch64-linux-gnu/libpthread.so.0", O_RDONLY|O_CLOEXEC) = 3
102583 openat(AT_FDCWD, "/lib/aarch64-linux-gnu/libdl.so.2", O_RDONLY|O_CLOEXEC) = 3
102583 openat(AT_FDCWD, "/lib/aarch64-linux-gnu/libm.so.6", O_RDONLY|O_CLOEXEC) = 3
102583 openat(AT_FDCWD, "/proc/sys/vm/overcommit_memory", O_RDONLY) = 3
102583 openat(AT_FDCWD, "/sys/kernel/mm/transparent_hugepage/enabled", O_RDONLY) = 3
102583 openat(AT_FDCWD, "/proc/self/maps", O_RDONLY|O_CLOEXEC) = 3
102583 openat(AT_FDCWD, "/tmp/bunx-996-playwright@latest/package.json", O_RDWR|O_NOCTTY|O_LARGEFILE|O_CLOEXEC) = 3
102583 openat(AT_FDCWD, "/tmp/package.json", O_RDWR|O_NOCTTY|O_LARGEFILE|O_CLOEXEC) = -1 ENOENT (No such file or directory)
102583 openat(AT_FDCWD, "//package.json", O_RDWR|O_NOCTTY|O_LARGEFILE|O_CLOEXEC) = -1 ENOENT (No such file or directory)
102583 openat(AT_FDCWD, "/home/nologik/.bunfig.toml", O_RDONLY) = -1 ENOENT (No such file or directory)
102583 openat(AT_FDCWD, "/tmp/bunx-996-playwright@latest/bunfig.toml", O_RDONLY) = -1 ENOENT (No such file or directory)
102583 openat(AT_FDCWD, "/tmp/bunx-996-playwright@latest", O_RDONLY|O_DIRECTORY) = 4
102583 openat(AT_FDCWD, "/home/nologik/.npmrc", O_RDONLY) = -1 ENOENT (No such file or directory)
102583 openat(AT_FDCWD, ".npmrc", O_RDONLY) = -1 ENOENT (No such file or directory)
102583 openat(AT_FDCWD, "/sys/devices/system/cpu/online", O_RDONLY|O_CLOEXEC) = 5
102583 openat(AT_FDCWD, "/proc/self/cgroup", O_RDONLY|O_CLOEXEC) = 5
102583 openat(AT_FDCWD, "/sys/fs/cgroup/user.slice/user-1000.slice/user@1000.service/tmux-spawn-3c02fbd3-b3cb-4839-b523-1bd1e065e696.scope/cpu.max", O_RDONLY|O_CLOEXEC) = 5
102583 openat(AT_FDCWD, "/sys/fs/cgroup/user.slice/user-1000.slice/user@1000.service/cpu.max", O_RDONLY|O_CLOEXEC) = 5
102583 openat(AT_FDCWD, "/sys/fs/cgroup/user.slice/user-1000.slice/cpu.max", O_RDONLY|O_CLOEXEC) = 5
102583 openat(AT_FDCWD, "/sys/fs/cgroup/user.slice/cpu.max", O_RDONLY|O_CLOEXEC) = 5
102583 openat(AT_FDCWD, "/sys/fs/cgroup/cpu.max", O_RDONLY|O_CLOEXEC) = -1 ENOENT (No such file or directory)
102583 openat(AT_FDCWD, "/etc/localtime", O_RDONLY|O_CLOEXEC) = 8
102583 openat(AT_FDCWD, "/tmp/bunx-996-playwright@latest/package.json", O_RDONLY) = 8
102583 openat(AT_FDCWD, "bun.lock", O_RDONLY) = -1 ENOENT (No such file or directory)
102583 openat(AT_FDCWD, "bun.lockb", O_RDONLY) = -1 ENOENT (No such file or directory)
102583 openat(AT_FDCWD, "package-lock.json", O_RDONLY) = -1 ENOENT (No such file or directory)
102583 openat(AT_FDCWD, "yarn.lock", O_RDONLY) = -1 ENOENT (No such file or directory)
102583 openat(AT_FDCWD, "pnpm-lock.yaml", O_RDONLY) = -1 ENOENT (No such file or directory)
102583 openat(AT_FDCWD, "/home/nologik/.bun/install/cache/", O_RDONLY|O_CLOEXEC|O_PATH|O_DIRECTORY) = 8
102583 openat(AT_FDCWD, "/tmp", O_RDONLY|O_CLOEXEC|O_PATH|O_DIRECTORY) = 9
102583 openat(9, ".d9de7ff3dddefacb-00000000.hm", O_WRONLY|O_CREAT|O_TRUNC|O_LARGEFILE|O_CLOEXEC, 0666) = 11
102584 openat(AT_FDCWD, "/etc/ssl/cert.pem", O_RDONLY) = -1 ENOENT (No such file or directory)
102583 openat(8, ".tmp", O_RDONLY|O_CLOEXEC|O_PATH|O_DIRECTORY) = -1 ENOENT (No such file or directory)
102583 mkdirat(8, ".tmp", 0755)         = -1 EACCES (Permission denied)
102585 +++ exited with 1 +++
102584 +++ exited with 1 +++
102583 +++ exited with 1 +++
102582 --- SIGCHLD {si_signo=SIGCHLD, si_code=CLD_EXITED, si_pid=102583, si_uid=996, si_status=1, si_utime=0, si_stime=0} ---
102582 +++ exited with 1 +++
