[rank1] connecting to <spark1-roce>:34568 ...
[rank1] got unique id from rank0
spark2:122618:122618 [0] NCCL INFO ncclOsDlopen(libnccl-env.so) failed: libnccl-env.so: cannot open shared object file: No such file or directory
spark2:122618:122618 [0] NCCL INFO ENV/Plugin: Could not find: libnccl-env.so
spark2:122618:122618 [0] NCCL INFO cudaDriverVersion 13000
spark2:122618:122618 [0] NCCL INFO NCCL_SOCKET_IFNAME set by environment to enp1s0f1np1
spark2:122618:122618 [0] NCCL INFO Bootstrap: Using enp1s0f1np1:<spark2-roce><0>
spark2:122618:122618 [0] NCCL INFO NCCL version 2.30.4+cuda13.2
spark2:122618:122618 [0] NCCL INFO NCCL git version HEAD 747384637
spark2:122618:122618 [0] NCCL INFO ncclOsDlopen(libnccl-net.so) failed: libnccl-net.so: cannot open shared object file: No such file or directory
spark2:122618:122618 [0] NCCL INFO NET/Plugin: Could not find: libnccl-net.so
spark2:122618:122618 [0] NCCL INFO NCCL_SOCKET_IFNAME set by environment to enp1s0f1np1
spark2:122618:122618 [0] NCCL INFO NCCL_IB_HCA set to rocep1s0f0
spark2:122618:122618 [0] NCCL INFO NET/IB : No device found.
spark2:122618:122618 [0] NCCL INFO NET/IB : Using [RO]; OOB enp1s0f1np1:<spark2-roce><0>
spark2:122618:122618 [0] NCCL INFO Failed to initialize NET plugin IB
spark2:122618:122618 [0] NCCL INFO NCCL_SOCKET_IFNAME set by environment to enp1s0f1np1
spark2:122618:122618 [0] NCCL INFO NET/Socket : Using [0]enp1s0f1np1:<spark2-roce><0>
spark2:122618:122618 [0] NCCL INFO Initialized NET plugin Socket
spark2:122618:122618 [0] NCCL INFO Assigned NET plugin Socket to comm
spark2:122618:122618 [0] NCCL INFO ncclOsDlopen(libnccl-gin.so) failed: libnccl-gin.so: cannot open shared object file: No such file or directory
spark2:122618:122618 [0] NCCL INFO GIN/Plugin: Could not find: libnccl-gin.so
spark2:122618:122618 [0] NCCL INFO Failed to initialize any GIN plugin
spark2:122618:122618 [0] NCCL INFO Using network Socket
spark2:122618:122618 [0] NCCL INFO Loaded NVML from libnvidia-ml.so.1
spark2:122618:122618 [0] NCCL INFO NCCL_DMABUF_ENABLE set by environment to 0.
spark2:122618:122618 [0] NCCL INFO [Rank 1] ncclCommInitRank comm 0xb566c522cc20 rank 1 nranks 2 cudaDev 0 nvmlDev 0 busId f01000 commId 0xb6b96979af746069 - Init START
spark2:122618:122618 [0] NCCL INFO RAS client listening socket at 127.0.0.1<28028>
spark2:122618:122618 [0] NCCL INFO Bootstrap timings total 0.003215 (create 0.000036, send 0.000913, recv 0.000914, ring 0.000398, delay 0.000000)
spark2:122618:122618 [0] NCCL INFO ncclTopoGetCpuAffinity: Affinity for GPU 0 is empty, ignoring. (GPU affinity =  ; CPU affinity = 0-19).
spark2:122618:122618 [0] NCCL INFO NCCL_NVLS_ENABLE set by environment to 0.
spark2:122618:122618 [0] NCCL INFO Rank 1: 1 Net devices
spark2:122618:122618 [0] NCCL INFO Rank 1: 0 CollNet devices
spark2:122618:122618 [0] NCCL INFO comm 0xb566c522cc20 rank 1 nRanks 2 nNodes 2 localRanks 1 localRank 0 MNNVL 0
spark2:122618:122618 [0] NCCL INFO Trees [0] -1/-1/-1->1->0 [1] -1/-1/-1->1->0 [2] -1/-1/-1->1->0 [3] -1/-1/-1->1->0 [4] 0/-1/-1->1->-1 [5] 0/-1/-1->1->-1 [6] 0/-1/-1->1->-1 [7] 0/-1/-1->1->-1
spark2:122618:122618 [0] NCCL INFO P2P Chunksize set to 262144
spark2:122618:122618 [0] NCCL INFO Tuning P2P operations with maxP2pPeers = 2
spark2:122618:122618 [0] NCCL INFO ncclOsDlopen(libnccl-profiler.so) failed: libnccl-profiler.so: cannot open shared object file: No such file or directory
spark2:122618:122618 [0] NCCL INFO PROFILER/Plugin: Could not find: libnccl-profiler.so
spark2:122618:122618 [0] NCCL INFO Check P2P Type isAllDirectP2p 1 directMode 0 isAllCudaP2p 1
spark2:122618:122625 [0] NCCL INFO [Proxy Service] Device 0 CPU core 4
spark2:122618:122626 [0] NCCL INFO [Proxy Service UDS] Device 0 CPU core 19
spark2:122618:122618 [0] NCCL INFO ncclOsDlopen(libnccl-tuner.so) failed: libnccl-tuner.so: cannot open shared object file: No such file or directory
spark2:122618:122618 [0] NCCL INFO TUNER/Plugin: Could not find: libnccl-tuner.so
spark2:122618:122618 [0] NCCL INFO NCCL_PROTO set by environment to Simple
spark2:122618:122618 [0] NCCL INFO NCCL_ALGO set by environment to Ring
spark2:122618:122618 [0] NCCL INFO threadThresholds 8/8/64 [rank1] NCCL comm initialized
| 16/8/64 | 512 | 512
spark2:122618:122618 [0] NCCL INFO 8 coll channels, 8 collnet channels, 0 nvls channels, 8 p2p channels, 1 p2p channels per peer
spark2:122618:122618 [0] NCCL INFO Symmetric memory is not supported. cuMemEnable 1, globalGinSupport 0, globalNicFused 0 cuMemGdrSupport 0
spark2:122618:122618 [0] NCCL INFO ncclCommInitRank comm 0xb566c522cc20 rank 1 nranks 2 cudaDev 0 nvmlDev 0 busId f01000 commId 0xb6b96979af746069 - Init COMPLETE
spark2:122618:122618 [0] NCCL INFO Init timings - ncclCommInitRank: rank 1 nranks 2 total 0.28 (kernels 0.21, alloc 0.06, bootstrap 0.00, allgathers 0.00, topo 0.00, graphs 0.00, connections 0.00, rest 0.00)
spark2:122618:122627 [0] NCCL INFO [Proxy Progress] Device 0 CPU core 6
spark2:122618:122618 [0] NCCL INFO Channel 00/0 : 0[0] -> 1[0] [receive] via NET/Socket/0
spark2:122618:122618 [0] NCCL INFO Channel 01/0 : 0[0] -> 1[0] [receive] via NET/Socket/0
spark2:122618:122618 [0] NCCL INFO Channel 02/0 : 0[0] -> 1[0] [receive] via NET/Socket/0
spark2:122618:122618 [0] NCCL INFO Channel 03/0 : 0[0] -> 1[0] [receive] via NET/Socket/0
spark2:122618:122618 [0] NCCL INFO Channel 04/0 : 0[0] -> 1[0] [receive] via NET/Socket/0
spark2:122618:122618 [0] NCCL INFO Channel 05/0 : 0[0] -> 1[0] [receive] via NET/Socket/0
spark2:122618:122618 [0] NCCL INFO Channel 06/0 : 0[0] -> 1[0] [receive] via NET/Socket/0
spark2:122618:122618 [0] NCCL INFO Channel 07/0 : 0[0] -> 1[0] [receive] via NET/Socket/0
spark2:122618:122618 [0] NCCL INFO Channel 00/0 : 1[0] -> 0[0] [send] via NET/Socket/0
spark2:122618:122618 [0] NCCL INFO Channel 01/0 : 1[0] -> 0[0] [send] via NET/Socket/0
spark2:122618:122618 [0] NCCL INFO Channel 02/0 : 1[0] -> 0[0] [send] via NET/Socket/0
spark2:122618:122618 [0] NCCL INFO Channel 03/0 : 1[0] -> 0[0] [send] via NET/Socket/0
spark2:122618:122618 [0] NCCL INFO Channel 04/0 : 1[0] -> 0[0] [send] via NET/Socket/0
spark2:122618:122618 [0] NCCL INFO Channel 05/0 : 1[0] -> 0[0] [send] via NET/Socket/0
spark2:122618:122618 [0] NCCL INFO Channel 06/0 : 1[0] -> 0[0] [send] via NET/Socket/0
spark2:122618:122618 [0] NCCL INFO Channel 07/0 : 1[0] -> 0[0] [send] via NET/Socket/0
spark2:122618:122618 [0] NCCL INFO Connected all rings, use ring PXN 0 GDR 0
