### ARM A2
A2-trajectories/run-00.trajectory.txt:147: STRICT/SHOULDBE ['#[tokio::main]' == '#[tokio::main]']: Still wrong — I keep repeating the same mistakes: `#[tokio::main]` should be `#[tokio::main]`, `String::from_utf8`, `to_vec()`, `#[tokio::test]`. Let me carefully write correct Rust code.
A2-trajectories/run-00.trajectory.txt:219: STRICT/VS ['#[cfg(test)]' == '#[cfg(test)]']: Hmm, no! Does it say `#[cfg(test)]`?? I need to be careful. The content I actually sent contains: `#[cfg(test)]` — I think I typed that. But earlier versions had `#[cfg(test)]` vs `#[cfg(test)]`... these are identical. Okay.
A2-trajectories/run-00.trajectory.txt:238: STRICT/BECAME ['unwrap_or_else' == 'unwrap_or_else']: But wait — did I actually type all of this correctly in the last write? There were typos in previous writes ("unwrap_or_else" became "unwrap_or_else"? I typed `.unwrap_or_else(|_| ...
A2-trajectories/run-00.trajectory.txt:314: STRICT/INSTEAD ['axum' == 'axum']: I'm continuing to make the same typos — "axum" instead of "axum", "tokio" instead of "tokio", "to_string" instead of "to_string", "format!" instead of "format!", "String::from_utf8" instead of "String::from_utf8", "cfg(test)" instead of "#[cfg(test)]". Something is systematically corrupting my output. Let me try a different approach: write the file with bash using a heredoc? But that might get cor
A2-trajectories/run-00.trajectory.txt:314: NARRATE/NARRATE: I'm continuing to make the same typos — "axum" instead of "axum", "tokio" instead of "tokio", "to_string" instead of "to_string", "format!" instead of "format!", "String::from_utf8" instead of "String::from_utf8", "cfg(test)" instead of "#[cfg(test)]". Something is systematically corrupting my output. Let me try a different approach: write the file with bash using a heredoc? But that might get cor
A2-trajectories/run-01.trajectory.txt:71: STRICT/NOT ['axum' == 'axum']: I need to correct a typo in the dependency name — it should be `axum`, not `axum`.
A2-trajectories/run-01.trajectory.txt:97: STRICT/SHOULDBE ['tokio::net::TcpListener::bind' == 'tokio::net::TcpListener::bind']: My draft has several mistakes: `#[tokio::main]` vs `#[tokio::main]`, `#[cfg(test)]` vs `#[cfg(test)]`, `assert_eq!` vs `assert_eq!`, `unwrap_or_else` vs `unwrap_or_else`, `tokio::net::TcpListener::bind` should be `tokio::net::TcpListener::bind` (actually `tokio::net::TcpListener::bind` — the correct path is `tokio::net::TcpListener::bind`), axum 0.8's serve: `axum::serve(listener, app)`. Also for 
A2-trajectories/run-01.trajectory.txt:105: STRICT/NOT ['assert_eq!' == 'assert_eq!']: The macro name is `assert_eq!` not `assert_eq!`... wait, actually Rust's macro is `assert_eq!`. Hmm, I typed `assert_eq!` above — that's wrong? No wait — Rust's assert macro is `assert_eq!`. Right, `assert_eq!`. Did I write `assert_eq!` in my draft?? Let me look: I wrote `assert_eq!(response.status(), ...)` — hmm, did I actually type "assert_eq!"? Looking at what I wrote: `assert_eq!(response.stat
A2-trajectories/run-01.trajectory.txt:107: STRICT/VS ['#[tokio::main]' == '#[tokio::main]']: But `#[cfg(test)]` — I wrote `#[cfg(test)]` which is wrong. And `#[tokio::main]` vs `#[tokio::main]`, `#[tokio::test]` vs `#[tokio::test]`. Hmm wait — the actual attribute macros are `#[tokio::main]` and `#[tokio::test]`. Did I write `#[tokio::main]`? In the file I wrote `#[tokio::main]`? The content shows `#[tokio::main]`... let me recheck what I actually wrote: "#[tokio::main]" — hmm, does it sh
A2-trajectories/run-01.trajectory.txt:114: STRICT/SHOULDBE ['std::env::var' == 'std::env::var']: Hmm, in my write call above it shows `#[tokio::main]`? It shows `#[tokio::main]`... I really did type `#[tokio::main]` — no wait, it says `#[tokio::main]`. Ugh. Let me read the file back to check exactly. There were typos: `std::env::var` should be `std::env::var`. `unwrap_or_else` is correct but I typed `unwrap_or_else`? I typed `.unwrap_or_else(|_| "3001".to_string())` — good in main; in tests I
A2-trajectories/run-01.trajectory.txt:128: STRICT/INSTEAD ['#[tokio::main]' == '#[tokio::main]']: I need to correct the macro and function names in my Rust code — I've been using incorrect syntax like `#[tokio::main]` instead of `#[tokio::main]`, wrong method calls for TCP binding and assertions, and mixing up module paths. Let me rewrite this with the proper Rust conventions.
A2-trajectories/run-01.trajectory.txt:136: STRICT/INSTEAD ['#[tokio::main]' == '#[tokio::main]']: I'm noticing I made some typos in the Rust code — `axum` is misspelled as `axum` or `axum` in a few places, and I've used incorrect macro syntax like `#[tokio::main]` instead of `#[tokio::main]`, `#[cfg(test)]` instead of `#[cfg(test)]`, and `assert_eq!()` instead of `assert_eq!()`.
A2-trajectories/run-01.trajectory.txt:138: STRICT/INSTEAD ['unwrap_or_else' == 'unwrap_or_else']: I also need to fix the method calls: `TcpListener::bind` should be `TcpListener::bind`, `unwrap_or_else` instead of `unwrap_or_else`, `Request::builder` instead of `Request::builder`, and the tower service imports are wrong. For axum 0.8, I need to use `axum::serve` with `tokio::net::TcpListener` and handle the listener conversion properly. The test setup needs `tower::ServiceExt::oneshot` and `ax
A2-trajectories/run-01.trajectory.txt:232: STRICT/NOT ['#[tokio::main]' == '#[tokio::main]']: Let me write the final version carefully. Also `#[tokio::main]` is an attribute macro — correct syntax is `#[tokio::main]`, not `#[tokio::main]` on its own line before async fn — actually that IS correct: `#[tokio::main]\nasync fn main() {...}`. The mistake was writing `#[tokio::main]` — wait, that's what I wrote... let me check: I wrote `#[tokio::main]`? No! I wrote `#[tokio::main]` as `#[tokio::

--- per transcript (assistant prose bytes, markers) ---
    16815     5  A2-trajectories/run-00.trajectory.txt
    20186     9  A2-trajectories/run-01.trajectory.txt
     3282     0  A2-trajectories/run-02.trajectory.txt

assistant prose      : 40283 bytes = 39.34 KB
markers total        : 14   by tier {'STRICT': 13, 'NARRATE': 1}
markers per KB prose : 0.3559
